pip install pytest==2.9.1 
